{
  "version": "1.5.0",
  "plugins_used": [
    {
      "name": "ArtifactoryDetector"
    },
    {
      "name": "AWSKeyDetector"
    },
    {
      "name": "AzureStorageKeyDetector"
    },
    {
      "name": "Base64HighEntropyString",
      "limit": 4.5
    },
    {
      "name": "BasicAuthDetector"
    },
    {
      "name": "CloudantDetector"
    },
    {
      "name": "DiscordBotTokenDetector"
    },
    {
      "name": "GitHubTokenDetector"
    },
    {
      "name": "GitLabTokenDetector"
    },
    {
      "name": "HexHighEntropyString",
      "limit": 3.0
    },
    {
      "name": "IbmCloudIamDetector"
    },
    {
      "name": "IbmCosHmacDetector"
    },
    {
      "name": "IPPublicDetector"
    },
    {
      "name": "JwtTokenDetector"
    },
    {
      "name": "KeywordDetector",
      "keyword_exclude": ""
    },
    {
      "name": "MailchimpDetector"
    },
    {
      "name": "NpmDetector"
    },
    {
      "name": "OpenAIDetector"
    },
    {
      "name": "PrivateKeyDetector"
    },
    {
      "name": "PypiTokenDetector"
    },
    {
      "name": "SendGridDetector"
    },
    {
      "name": "SlackDetector"
    },
    {
      "name": "SoftlayerDetector"
    },
    {
      "name": "SquareOAuthDetector"
    },
    {
      "name": "StripeDetector"
    },
    {
      "name": "TelegramBotTokenDetector"
    },
    {
      "name": "TwilioKeyDetector"
    }
  ],
  "filters_used": [
    {
      "path": "detect_secrets.filters.allowlist.is_line_allowlisted"
    },
    {
      "path": "detect_secrets.filters.common.is_baseline_file",
      "filename": "backend/.secrets.baseline"
    },
    {
      "path": "detect_secrets.filters.common.is_ignored_due_to_verification_policies",
      "min_level": 2
    },
    {
      "path": "detect_secrets.filters.heuristic.is_indirect_reference"
    },
    {
      "path": "detect_secrets.filters.heuristic.is_likely_id_string"
    },
    {
      "path": "detect_secrets.filters.heuristic.is_lock_file"
    },
    {
      "path": "detect_secrets.filters.heuristic.is_not_alphanumeric_string"
    },
    {
      "path": "detect_secrets.filters.heuristic.is_potential_uuid"
    },
    {
      "path": "detect_secrets.filters.heuristic.is_prefixed_with_dollar_sign"
    },
    {
      "path": "detect_secrets.filters.heuristic.is_sequential_string"
    },
    {
      "path": "detect_secrets.filters.heuristic.is_swagger_file"
    },
    {
      "path": "detect_secrets.filters.heuristic.is_templated_secret"
    },
    {
      "path": "detect_secrets.filters.regex.should_exclude_file",
      "pattern": [
        "(not_delivered/.*|backend/.secrets.baseline)"
      ]
    }
  ],
  "results": {
    "backend/app/optimization/utils.py": [
      {
        "type": "Basic Auth Credentials",
        "filename": "backend/app/optimization/utils.py",
        "hashed_secret": "5baa61e4c9b93f3f0682250b6cf8331b7ee68fd8",
        "is_verified": false,
        "line_number": 946
      }
    ],
    "backend/cloud_functions/cf_bulk_update/settings.toml": [
      {
        "type": "Secret Keyword",
        "filename": "backend/cloud_functions/cf_bulk_update/settings.toml",
        "hashed_secret": "9189cdb7fc296c496845879a5aa549955dd7647d",
        "is_verified": false,
        "line_number": 5
      },
      {
        "type": "Secret Keyword",
        "filename": "backend/cloud_functions/cf_bulk_update/settings.toml",
        "hashed_secret": "1481d0a0ceb16ea4672fed76a0710306eb9f3a33",
        "is_verified": false,
        "line_number": 7
      },
      {
        "type": "Secret Keyword",
        "filename": "backend/cloud_functions/cf_bulk_update/settings.toml",
        "hashed_secret": "e7dac9ed9e82c5a0fa2977e357b24b1255f553b9",
        "is_verified": false,
        "line_number": 13
      },
      {
        "type": "Secret Keyword",
        "filename": "backend/cloud_functions/cf_bulk_update/settings.toml",
        "hashed_secret": "9a711065c29b273ba5bf2c85aa87acb7c8f5b4d5",
        "is_verified": false,
        "line_number": 25
      },
      {
        "type": "Secret Keyword",
        "filename": "backend/cloud_functions/cf_bulk_update/settings.toml",
        "hashed_secret": "41a34d77f81bb39f1f593be6cd08c746cf8b77ec",
        "is_verified": false,
        "line_number": 38
      },
      {
        "type": "Secret Keyword",
        "filename": "backend/cloud_functions/cf_bulk_update/settings.toml",
        "hashed_secret": "80b1b8ccad25d231b57c13090ce321475ed5149a",
        "is_verified": false,
        "line_number": 50
      }
    ],
    "backend/cloud_run/bulk-update-orchestrator/clients/lesliespool.toml": [
      {
        "type": "Secret Keyword",
        "filename": "backend/cloud_run/bulk-update-orchestrator/clients/lesliespool.toml",
        "hashed_secret": "88729b66626a1b8c67fd6e0914f0501c67ecbace",
        "is_verified": false,
        "line_number": 20
      },
      {
        "type": "Secret Keyword",
        "filename": "backend/cloud_run/bulk-update-orchestrator/clients/lesliespool.toml",
        "hashed_secret": "2b43c1f55a7146d63ea648c085623219d0d23766",
        "is_verified": false,
        "line_number": 21
      },
      {
        "type": "Secret Keyword",
        "filename": "backend/cloud_run/bulk-update-orchestrator/clients/lesliespool.toml",
        "hashed_secret": "1481d0a0ceb16ea4672fed76a0710306eb9f3a33",
        "is_verified": false,
        "line_number": 22
      }
    ],
    "backend/cloud_run/bulk-update-processor/clients/lesliespool.toml": [
      {
        "type": "Secret Keyword",
        "filename": "backend/cloud_run/bulk-update-processor/clients/lesliespool.toml",
        "hashed_secret": "88729b66626a1b8c67fd6e0914f0501c67ecbace",
        "is_verified": false,
        "line_number": 20
      },
      {
        "type": "Secret Keyword",
        "filename": "backend/cloud_run/bulk-update-processor/clients/lesliespool.toml",
        "hashed_secret": "2b43c1f55a7146d63ea648c085623219d0d23766",
        "is_verified": false,
        "line_number": 21
      },
      {
        "type": "Secret Keyword",
        "filename": "backend/cloud_run/bulk-update-processor/clients/lesliespool.toml",
        "hashed_secret": "1481d0a0ceb16ea4672fed76a0710306eb9f3a33",
        "is_verified": false,
        "line_number": 22
      }
    ],
    "backend/toml_config/clients/balsamhill.toml": [
      {
        "type": "Secret Keyword",
        "filename": "backend/toml_config/clients/balsamhill.toml",
        "hashed_secret": "2934a729c337c40211830f195facd826109ff907",
        "is_verified": false,
        "line_number": 20
      },
      {
        "type": "Secret Keyword",
        "filename": "backend/toml_config/clients/balsamhill.toml",
        "hashed_secret": "2b43c1f55a7146d63ea648c085623219d0d23766",
        "is_verified": false,
        "line_number": 21
      },
      {
        "type": "Secret Keyword",
        "filename": "backend/toml_config/clients/balsamhill.toml",
        "hashed_secret": "1481d0a0ceb16ea4672fed76a0710306eb9f3a33",
        "is_verified": false,
        "line_number": 22
      }
    ],
    "backend/toml_config/clients/crackerbarrel.toml": [
      {
        "type": "Secret Keyword",
        "filename": "backend/toml_config/clients/crackerbarrel.toml",
        "hashed_secret": "52f0cdecb44115008bbb2a208690a9d6aa6b9f61",
        "is_verified": false,
        "line_number": 62
      },
      {
        "type": "Secret Keyword",
        "filename": "backend/toml_config/clients/crackerbarrel.toml",
        "hashed_secret": "2b43c1f55a7146d63ea648c085623219d0d23766",
        "is_verified": false,
        "line_number": 66
      },
      {
        "type": "Secret Keyword",
        "filename": "backend/toml_config/clients/crackerbarrel.toml",
        "hashed_secret": "1481d0a0ceb16ea4672fed76a0710306eb9f3a33",
        "is_verified": false,
        "line_number": 70
      }
    ],
    "backend/toml_config/clients/homedepot.toml": [
      {
        "type": "Secret Keyword",
        "filename": "backend/toml_config/clients/homedepot.toml",
        "hashed_secret": "0b2c9aa3908f442f5f71092e84bfc8ed86c5fc3c",
        "is_verified": false,
        "line_number": 58
      },
      {
        "type": "Secret Keyword",
        "filename": "backend/toml_config/clients/homedepot.toml",
        "hashed_secret": "2b43c1f55a7146d63ea648c085623219d0d23766",
        "is_verified": false,
        "line_number": 62
      },
      {
        "type": "Secret Keyword",
        "filename": "backend/toml_config/clients/homedepot.toml",
        "hashed_secret": "1481d0a0ceb16ea4672fed76a0710306eb9f3a33",
        "is_verified": false,
        "line_number": 66
      }
    ],
    "backend/toml_config/clients/lesliespool.toml": [
      {
        "type": "Secret Keyword",
        "filename": "backend/toml_config/clients/lesliespool.toml",
        "hashed_secret": "88729b66626a1b8c67fd6e0914f0501c67ecbace",
        "is_verified": false,
        "line_number": 62
      },
      {
        "type": "Secret Keyword",
        "filename": "backend/toml_config/clients/lesliespool.toml",
        "hashed_secret": "2b43c1f55a7146d63ea648c085623219d0d23766",
        "is_verified": false,
        "line_number": 66
      },
      {
        "type": "Secret Keyword",
        "filename": "backend/toml_config/clients/lesliespool.toml",
        "hashed_secret": "1481d0a0ceb16ea4672fed76a0710306eb9f3a33",
        "is_verified": false,
        "line_number": 70
      }
    ],
    "backend/toml_config/clients/saksfifthavenue.toml": [
      {
        "type": "Secret Keyword",
        "filename": "backend/toml_config/clients/saksfifthavenue.toml",
        "hashed_secret": "01db115fad61c383c769ef6e4fe44cf10b3e7180",
        "is_verified": false,
        "line_number": 58
      },
      {
        "type": "Secret Keyword",
        "filename": "backend/toml_config/clients/saksfifthavenue.toml",
        "hashed_secret": "2b43c1f55a7146d63ea648c085623219d0d23766",
        "is_verified": false,
        "line_number": 62
      },
      {
        "type": "Secret Keyword",
        "filename": "backend/toml_config/clients/saksfifthavenue.toml",
        "hashed_secret": "1481d0a0ceb16ea4672fed76a0710306eb9f3a33",
        "is_verified": false,
        "line_number": 66
      }
    ],
    "backend/toml_config/settings.toml": [
      {
        "type": "Secret Keyword",
        "filename": "backend/toml_config/settings.toml",
        "hashed_secret": "1481d0a0ceb16ea4672fed76a0710306eb9f3a33",
        "is_verified": false,
        "line_number": 21
      },
      {
        "type": "Secret Keyword",
        "filename": "backend/toml_config/settings.toml",
        "hashed_secret": "2b43c1f55a7146d63ea648c085623219d0d23766",
        "is_verified": false,
        "line_number": 38
      },
      {
        "type": "Secret Keyword",
        "filename": "backend/toml_config/settings.toml",
        "hashed_secret": "56b9b2a30b86be0b03f3d6a4a1650ea5a9aec73d",
        "is_verified": false,
        "line_number": 46
      }
    ]
  },
  "generated_at": "2026-02-20T00:22:15Z"
}
